// Vitest Snapshot v1, https://vitest.dev/guide/snapshot.html

exports[`Mobile Buttons > Should render correctly 1`] = `
<div
  class="mobile-buttons"
>
  <div
    class="button-row"
  >
    <button
      type="button"
    >
      UP
    </button>
  </div>
  <div
    class="button-row"
  >
    <button
      class="left-button"
      type="button"
    >
      LEFT
    </button>
    <button
      type="button"
    >
      RIGHT
    </button>
  </div>
  <div
    class="button-row"
  >
    <button
      type="button"
    >
      DOWN
    </button>
  </div>
</div>
`;
