// Vitest Snapshot v1, https://vitest.dev/guide/snapshot.html

exports[`Game Status Bottom > Should render correctly 1`] = `
<div
  class="game-status-bottom"
>
  <div
    class="game-status-left"
  >
    LIVES
     
    <img
      alt="lives"
      class="player-lives"
      src="/src/images/lives.png"
    />
    <img
      alt="lives"
      class="player-lives"
      src="/src/images/lives.png"
    />
    <img
      alt="lives"
      class="player-lives"
      src="/src/images/lives.png"
    />
  </div>
  <div
    class="game-status-centre"
  >
    LEVEL 
    <span
      class="variable-text"
    >
      1
    </span>
  </div>
  <div
    class="game-status-right"
  >
    <span
      class="variable-text"
    >
      60
    </span>
     TIMER
  </div>
</div>
`;
